[debug] [2024-07-23T05:37:01.294Z] ----------------------------------------------------------------------
[debug] [2024-07-23T05:37:01.295Z] Command:       /opt/homebrew/Cellar/node/21.6.2/bin/node /opt/homebrew/bin/firebase deploy
[debug] [2024-07-23T05:37:01.295Z] CLI Version:   13.4.1
[debug] [2024-07-23T05:37:01.295Z] Platform:      darwin
[debug] [2024-07-23T05:37:01.295Z] Node Version:  v21.6.2
[debug] [2024-07-23T05:37:01.296Z] Time:          Tue Jul 23 2024 14:37:01 GMT+0900 (대한민국 표준시)
[debug] [2024-07-23T05:37:01.296Z] ----------------------------------------------------------------------
[debug] 
[debug] [2024-07-23T05:37:01.296Z] >>> [apiv2][query] GET https://firebase-public.firebaseio.com/cli.json [none]
[debug] [2024-07-23T05:37:01.332Z] > command requires scopes: ["email","openid","https://www.googleapis.com/auth/cloudplatformprojects.readonly","https://www.googleapis.com/auth/firebase","https://www.googleapis.com/auth/cloud-platform"]
[debug] [2024-07-23T05:37:01.332Z] > authorizing via signed-in user (dn100210@gmail.com)
[debug] [2024-07-23T05:37:01.332Z] [iam] checking project dana-portfolio for permissions ["firebase.projects.get","firebasedatabase.instances.update","firebasehosting.sites.update"]
[debug] [2024-07-23T05:37:01.332Z] > refreshing access token with scopes: []
[debug] [2024-07-23T05:37:01.333Z] >>> [apiv2][query] POST https://www.googleapis.com/oauth2/v3/token [none]
[debug] [2024-07-23T05:37:01.333Z] >>> [apiv2][body] POST https://www.googleapis.com/oauth2/v3/token [omitted]
[debug] [2024-07-23T05:37:08.054Z] <<< [apiv2][status] GET https://firebase-public.firebaseio.com/cli.json 200
[debug] [2024-07-23T05:37:08.055Z] <<< [apiv2][body] GET https://firebase-public.firebaseio.com/cli.json {"cloudBuildErrorAfter":1594252800000,"cloudBuildWarnAfter":1590019200000,"defaultNode10After":1594252800000,"minVersion":"3.0.5","node8DeploysDisabledAfter":1613390400000,"node8RuntimeDisabledAfter":1615809600000,"node8WarnAfter":1600128000000}
[debug] [2024-07-23T05:37:08.070Z] <<< [apiv2][status] POST https://www.googleapis.com/oauth2/v3/token 200
[debug] [2024-07-23T05:37:08.071Z] <<< [apiv2][body] POST https://www.googleapis.com/oauth2/v3/token [omitted]
[debug] [2024-07-23T05:37:08.084Z] >>> [apiv2][query] POST https://cloudresourcemanager.googleapis.com/v1/projects/dana-portfolio:testIamPermissions [none]
[debug] [2024-07-23T05:37:08.084Z] >>> [apiv2][(partial)header] POST https://cloudresourcemanager.googleapis.com/v1/projects/dana-portfolio:testIamPermissions x-goog-quota-user=projects/dana-portfolio
[debug] [2024-07-23T05:37:08.084Z] >>> [apiv2][body] POST https://cloudresourcemanager.googleapis.com/v1/projects/dana-portfolio:testIamPermissions {"permissions":["firebase.projects.get","firebasedatabase.instances.update","firebasehosting.sites.update"]}
